// Jest Snapshot v1, https://goo.gl/fbAQLP

exports[`<GridSection /> Should render grid content 1`] = `
.c4 {
  color: black;
  font-size: 6.2rem;
  text-transform: uppercase;
}

.c9 {
  color: black;
  font-size: 2.4rem;
  text-transform: none;
}

.c6 {
  font-size: 2.4rem;
}

.c2 .c5 {
  margin-bottom: 6.2rem;
}

.c7 {
  counter-reset: grid-counter;
  display: grid;
  grid-template-columns: repeat(auto-fill, minmax(280px, 1fr));
  gap: 3.2rem;
}

.c8 .c3 {
  position: relative;
  left: 7rem;
}

.c8 .c3::before {
  content: counter(grid-counter);
  counter-increment: grid-counter;
  position: absolute;
  font-size: 5.6rem;
  top: -2rem;
  left: -7rem;
  transform: rotate(10deg);
}

.c0 {
  background-color: #FFFFFF;
  color: black;
  min-height: 100vh;
  display: flex;
  align-items: center;
}

.c1 {
  max-width: 120rem;
  margin: 0 auto;
  padding: 3.2rem;
}

@media (max-width:768px) {
  .c4 {
    font-size: 4rem;
  }
}

<div>
  <div
    class="c0"
  >
    <div
      class="c1"
    >
      <div
        class="c2"
      >
        <h3
          class="c3 c4"
        >
          My grid
        </h3>
        <p
          class="c5 c6"
        >
          lorem ipsum dolor
        </p>
        <div
          class="c7"
        >
          <div
            class="c8"
          >
            <h1
              class="c3 c9"
            >
              Teste 1
            </h1>
            <p
              class="c5 c6"
            >
              lorem ipsum dolor sit amet consecteturadipisicnt esse ut atque doloreis nobis commoix maxime distinctin veritatus und reprehenderet mineus ad dolores privident maiorsds
            </p>
          </div>
          <div
            class="c8"
          >
            <h1
              class="c3 c9"
            >
              Teste 2
            </h1>
            <p
              class="c5 c6"
            >
              lorem ipsum dolor sit amet consecteturadipisicnt esse ut atque doloreis nobis commoix maxime distinctin veritatus und reprehenderet mineus ad dolores privident maiorsds
            </p>
          </div>
          <div
            class="c8"
          >
            <h1
              class="c3 c9"
            >
              Teste 3
            </h1>
            <p
              class="c5 c6"
            >
              lorem ipsum dolor sit amet consecteturadipisicnt esse ut atque doloreis nobis commoix maxime distinctin veritatus und reprehenderet mineus ad dolores privident maiorsds
            </p>
          </div>
        </div>
      </div>
    </div>
  </div>
</div>
`;

exports[`<GridSection /> Should render grid withou background 1`] = `
.c4 {
  color: black;
  font-size: 6.2rem;
  text-transform: uppercase;
}

.c9 {
  color: black;
  font-size: 2.4rem;
  text-transform: none;
}

.c6 {
  font-size: 2.4rem;
}

.c2 .c5 {
  margin-bottom: 6.2rem;
}

.c7 {
  counter-reset: grid-counter;
  display: grid;
  grid-template-columns: repeat(auto-fill, minmax(280px, 1fr));
  gap: 3.2rem;
}

.c8 .c3 {
  position: relative;
  left: 7rem;
}

.c8 .c3::before {
  content: counter(grid-counter);
  counter-increment: grid-counter;
  position: absolute;
  font-size: 5.6rem;
  top: -2rem;
  left: -7rem;
  transform: rotate(10deg);
}

.c0 {
  background-color: #FFFFFF;
  color: black;
  min-height: 100vh;
  display: flex;
  align-items: center;
}

.c1 {
  max-width: 120rem;
  margin: 0 auto;
  padding: 3.2rem;
}

@media (max-width:768px) {
  .c4 {
    font-size: 4rem;
  }
}

<div>
  <div
    class="c0"
  >
    <div
      class="c1"
    >
      <div
        class="c2"
      >
        <h3
          class="c3 c4"
        >
          My grid
        </h3>
        <p
          class="c5 c6"
        >
          lorem ipsum dolor
        </p>
        <div
          class="c7"
        >
          <div
            class="c8"
          >
            <h1
              class="c3 c9"
            >
              Teste 1
            </h1>
            <p
              class="c5 c6"
            >
              lorem ipsum dolor sit amet consecteturadipisicnt esse ut atque doloreis nobis commoix maxime distinctin veritatus und reprehenderet mineus ad dolores privident maiorsds
            </p>
          </div>
          <div
            class="c8"
          >
            <h1
              class="c3 c9"
            >
              Teste 2
            </h1>
            <p
              class="c5 c6"
            >
              lorem ipsum dolor sit amet consecteturadipisicnt esse ut atque doloreis nobis commoix maxime distinctin veritatus und reprehenderet mineus ad dolores privident maiorsds
            </p>
          </div>
          <div
            class="c8"
          >
            <h1
              class="c3 c9"
            >
              Teste 3
            </h1>
            <p
              class="c5 c6"
            >
              lorem ipsum dolor sit amet consecteturadipisicnt esse ut atque doloreis nobis commoix maxime distinctin veritatus und reprehenderet mineus ad dolores privident maiorsds
            </p>
          </div>
        </div>
      </div>
    </div>
  </div>
</div>
`;
