// Jest Snapshot v1, https://goo.gl/fbAQLP

exports[`<LogoLink /> Should match snapshot 1`] = `
.c1 {
  display: flex;
  align-items: center;
  text-decoration: none;
  color: inherit;
}

.c1>img {
  max-height: 3rem;
}

.c0 {
  color: black;
  font-size: 2.4rem;
  text-transform: uppercase;
}

<h1
  class="c0"
>
  <a
    class="c1"
    href="#target"
  >
    <img
      alt="olÃ¡ mundo"
      src="image.jpg"
    />
  </a>
</h1>
`;
