// Jest Snapshot v1, https://goo.gl/fbAQLP

exports[`<GridImage /> Should render grid image 1`] = `
.c5 {
  font-size: 2.4rem;
}

.c2>.c4 {
  margin-bottom: 6.2rem;
}

.c6 {
  display: grid;
  grid-template-columns: repeat(auto-fill, minmax(280px, 1fr));
  gap: 3.2rem;
}

.c7 {
  overflow: hidden;
  border-radius: 8px;
}

.c8 {
  width: 100%;
  transition: all .5s ease-in-out;
  cursor: pointer;
  border-radius: 8px;
}

.c8:hover {
  transform: scale(1.4) rotate(10deg);
}

.c0 {
  background-color: #FFFFFF;
  color: black;
  min-height: 100vh;
  display: flex;
  align-items: center;
}

.c1 {
  max-width: 120rem;
  margin: 0 auto;
  padding: 3.2rem;
}

.c3 {
  color: black;
  font-size: 6.2rem;
  text-transform: uppercase;
}

@media (max-width:768px) {
  .c3 {
    font-size: 4rem;
  }
}

<div>
  <div
    class="c0"
  >
    <div
      class="c1"
    >
      <div
        class="c2"
      >
        <h3
          class="c3"
        >
          My grid image
        </h3>
        <div
          class="c4 c5"
        >
          lorem ipsum dolor
        </div>
        <div
          class="c6"
        >
          <div
            class="c7"
          >
            <img
              alt="Teste 1"
              class="c8"
              src="https://thypix.com/wp-content/uploads/2018/05/Sommerlandschaft-Bilder-80.jpg"
            />
          </div>
          <div
            class="c7"
          >
            <img
              alt="Teste 2"
              class="c8"
              src="https://thypix.com/wp-content/uploads/2018/05/Sommerlandschaft-Bilder-80.jpg"
            />
          </div>
          <div
            class="c7"
          >
            <img
              alt="Teste 3"
              class="c8"
              src="https://thypix.com/wp-content/uploads/2018/05/Sommerlandschaft-Bilder-80.jpg"
            />
          </div>
          <div
            class="c7"
          >
            <img
              alt="Teste 4"
              class="c8"
              src="https://thypix.com/wp-content/uploads/2018/05/Sommerlandschaft-Bilder-80.jpg"
            />
          </div>
          <div
            class="c7"
          >
            <img
              alt="Teste 5"
              class="c8"
              src="https://thypix.com/wp-content/uploads/2018/05/Sommerlandschaft-Bilder-80.jpg"
            />
          </div>
          <div
            class="c7"
          >
            <img
              alt="Teste 6"
              class="c8"
              src="https://thypix.com/wp-content/uploads/2018/05/Sommerlandschaft-Bilder-80.jpg"
            />
          </div>
        </div>
      </div>
    </div>
  </div>
</div>
`;

exports[`<GridImage /> Should render grid with background 1`] = `
.c5 {
  font-size: 2.4rem;
}

.c2>.c4 {
  margin-bottom: 6.2rem;
}

.c6 {
  display: grid;
  grid-template-columns: repeat(auto-fill, minmax(280px, 1fr));
  gap: 3.2rem;
}

.c7 {
  overflow: hidden;
  border-radius: 8px;
}

.c8 {
  width: 100%;
  transition: all .5s ease-in-out;
  cursor: pointer;
  border-radius: 8px;
}

.c8:hover {
  transform: scale(1.4) rotate(10deg);
}

.c0 {
  background-color: #FFFFFF;
  color: black;
  min-height: 100vh;
  display: flex;
  align-items: center;
}

.c1 {
  max-width: 120rem;
  margin: 0 auto;
  padding: 3.2rem;
}

.c3 {
  color: black;
  font-size: 6.2rem;
  text-transform: uppercase;
}

@media (max-width:768px) {
  .c3 {
    font-size: 4rem;
  }
}

<div>
  <div
    class="c0"
  >
    <div
      class="c1"
    >
      <div
        class="c2"
      >
        <h3
          class="c3"
        >
          My grid image
        </h3>
        <div
          class="c4 c5"
        >
          lorem ipsum dolor
        </div>
        <div
          class="c6"
        >
          <div
            class="c7"
          >
            <img
              alt="Teste 1"
              class="c8"
              src="https://thypix.com/wp-content/uploads/2018/05/Sommerlandschaft-Bilder-80.jpg"
            />
          </div>
          <div
            class="c7"
          >
            <img
              alt="Teste 2"
              class="c8"
              src="https://thypix.com/wp-content/uploads/2018/05/Sommerlandschaft-Bilder-80.jpg"
            />
          </div>
          <div
            class="c7"
          >
            <img
              alt="Teste 3"
              class="c8"
              src="https://thypix.com/wp-content/uploads/2018/05/Sommerlandschaft-Bilder-80.jpg"
            />
          </div>
          <div
            class="c7"
          >
            <img
              alt="Teste 4"
              class="c8"
              src="https://thypix.com/wp-content/uploads/2018/05/Sommerlandschaft-Bilder-80.jpg"
            />
          </div>
          <div
            class="c7"
          >
            <img
              alt="Teste 5"
              class="c8"
              src="https://thypix.com/wp-content/uploads/2018/05/Sommerlandschaft-Bilder-80.jpg"
            />
          </div>
          <div
            class="c7"
          >
            <img
              alt="Teste 6"
              class="c8"
              src="https://thypix.com/wp-content/uploads/2018/05/Sommerlandschaft-Bilder-80.jpg"
            />
          </div>
        </div>
      </div>
    </div>
  </div>
</div>
`;
