// Jest Snapshot v1, https://goo.gl/fbAQLP

exports[`<GridContent /> Should render grid content 1`] = `
.c2 {
  text-align: center;
  max-width: 58rem;
  margin: 0 auto;
}

.c4 {
  margin: 6.2rem 0;
}

.c3 {
  color: black;
  font-size: 6.2rem;
  text-transform: uppercase;
}

.c5 {
  font-size: 2.4rem;
}

.c0 {
  background-color: #FFFFFF;
  color: black;
  min-height: 100vh;
  display: flex;
  align-items: center;
}

.c1 {
  max-width: 120rem;
  margin: 0 auto;
  padding: 3.2rem;
}

@media (max-width:768px) {
  .c3 {
    font-size: 4rem;
  }
}

<div>
  <div
    class="c0"
  >
    <div
      class="c1"
    >
      <div
        class="c2"
      >
        <h2
          class="c3"
        >
          O titulo que eu quero
        </h2>
        <div
          class="c4"
        >
          <div
            class="c5"
          >
            
  
            <ul>
              
    
              <li>
                Morbi in sem quis dui placerat ornare. Pellentesque odio nisi, euismod in, pharetra a, ultricies in, diam. Sed arcu. Cras consequat.
              </li>
              
    
              <li>
                Praesent dapibus, neque id cursus faucibus, tortor neque egestas augue, eu vulputate magna eros eu erat. Aliquam erat volutpat. Nam dui mi, tincidunt quis, accumsan porttitor, facilisis luctus, metus.
              </li>
              
    
              <li>
                Phasellus ultrices nulla quis nibh. Quisque a lectus. Donec consectetuer ligula vulputate sem tristique cursus. Nam nulla quam, gravida non, commodo a, sodales sit amet, nisi.
              </li>
              
    
              <li>
                Pellentesque fermentum dolor. Aliquam quam lectus, facilisis auctor, ultrices ut, elementum vulputate, nunc.
              </li>
              
  
            </ul>
            

  
            <form
              action="#"
              method="post"
            >
              
    
              <div>
                
        
                <label
                  for="name"
                >
                  Text Input:
                </label>
                
        
                <input
                  id="name"
                  name="name"
                  tabindex="1"
                  type="text"
                  value=""
                />
                
    
              </div>
              

    
              <div>
                
        
                <h4>
                  Radio Button Choice
                </h4>
                

        
                <label
                  for="radio-choice-1"
                >
                  Choice 1
                </label>
                
        
                <input
                  id="radio-choice-1"
                  name="radio-choice-1"
                  tabindex="2"
                  type="radio"
                  value="choice-1"
                />
                

      
                <label
                  for="radio-choice-2"
                >
                  Choice 2
                </label>
                
        
                <input
                  id="radio-choice-2"
                  name="radio-choice-2"
                  tabindex="3"
                  type="radio"
                  value="choice-2"
                />
                
    
              </div>
              

    
              <div>
                
    
                <label
                  for="select-choice"
                >
                  Select Dropdown Choice:
                </label>
                
    
                <select
                  id="select-choice"
                  name="select-choice"
                >
                  
      
                  <option
                    value="Choice 1"
                  >
                    Choice 1
                  </option>
                  
      
                  <option
                    value="Choice 2"
                  >
                    Choice 2
                  </option>
                  
      
                  <option
                    value="Choice 3"
                  >
                    Choice 3
                  </option>
                  
    
                </select>
                
    
              </div>
              

    
              <div>
                
    
                <label
                  for="textarea"
                >
                  Textarea:
                </label>
                
    
                <textarea
                  cols="40"
                  id="textarea"
                  name="textarea"
                  rows="8"
                />
                
    
              </div>
              

    
              <div>
                
      
                <label
                  for="checkbox"
                >
                  Checkbox:
                </label>
                
    
                <input
                  id="checkbox"
                  name="checkbox"
                  type="checkbox"
                />
                
    
              </div>
              

    
              <div>
                
      
                <input
                  type="submit"
                  value="Submit"
                />
                
    
              </div>
              
  
            </form>
          </div>
        </div>
      </div>
    </div>
  </div>
</div>
`;

exports[`<GridContent /> Should render grid content 2`] = `
.c2 {
  text-align: center;
  max-width: 58rem;
  margin: 0 auto;
}

.c4 {
  margin: 6.2rem 0;
}

.c3 {
  color: black;
  font-size: 6.2rem;
  text-transform: uppercase;
}

.c5 {
  font-size: 2.4rem;
}

.c0 {
  background-color: #FFFFFF;
  color: black;
  min-height: 100vh;
  display: flex;
  align-items: center;
}

.c1 {
  max-width: 120rem;
  margin: 0 auto;
  padding: 3.2rem;
}

@media (max-width:768px) {
  .c3 {
    font-size: 4rem;
  }
}

<div>
  <div
    class="c0"
  >
    <div
      class="c1"
    >
      <div
        class="c2"
      >
        <h2
          class="c3"
        >
          O titulo que eu quero
        </h2>
        <div
          class="c4"
        >
          <div
            class="c5"
          >
            
  
            <ul>
              
    
              <li>
                Morbi in sem quis dui placerat ornare. Pellentesque odio nisi, euismod in, pharetra a, ultricies in, diam. Sed arcu. Cras consequat.
              </li>
              
    
              <li>
                Praesent dapibus, neque id cursus faucibus, tortor neque egestas augue, eu vulputate magna eros eu erat. Aliquam erat volutpat. Nam dui mi, tincidunt quis, accumsan porttitor, facilisis luctus, metus.
              </li>
              
    
              <li>
                Phasellus ultrices nulla quis nibh. Quisque a lectus. Donec consectetuer ligula vulputate sem tristique cursus. Nam nulla quam, gravida non, commodo a, sodales sit amet, nisi.
              </li>
              
    
              <li>
                Pellentesque fermentum dolor. Aliquam quam lectus, facilisis auctor, ultrices ut, elementum vulputate, nunc.
              </li>
              
  
            </ul>
            

  
            <form
              action="#"
              method="post"
            >
              
    
              <div>
                
        
                <label
                  for="name"
                >
                  Text Input:
                </label>
                
        
                <input
                  id="name"
                  name="name"
                  tabindex="1"
                  type="text"
                  value=""
                />
                
    
              </div>
              

    
              <div>
                
        
                <h4>
                  Radio Button Choice
                </h4>
                

        
                <label
                  for="radio-choice-1"
                >
                  Choice 1
                </label>
                
        
                <input
                  id="radio-choice-1"
                  name="radio-choice-1"
                  tabindex="2"
                  type="radio"
                  value="choice-1"
                />
                

      
                <label
                  for="radio-choice-2"
                >
                  Choice 2
                </label>
                
        
                <input
                  id="radio-choice-2"
                  name="radio-choice-2"
                  tabindex="3"
                  type="radio"
                  value="choice-2"
                />
                
    
              </div>
              

    
              <div>
                
    
                <label
                  for="select-choice"
                >
                  Select Dropdown Choice:
                </label>
                
    
                <select
                  id="select-choice"
                  name="select-choice"
                >
                  
      
                  <option
                    value="Choice 1"
                  >
                    Choice 1
                  </option>
                  
      
                  <option
                    value="Choice 2"
                  >
                    Choice 2
                  </option>
                  
      
                  <option
                    value="Choice 3"
                  >
                    Choice 3
                  </option>
                  
    
                </select>
                
    
              </div>
              

    
              <div>
                
    
                <label
                  for="textarea"
                >
                  Textarea:
                </label>
                
    
                <textarea
                  cols="40"
                  id="textarea"
                  name="textarea"
                  rows="8"
                />
                
    
              </div>
              

    
              <div>
                
      
                <label
                  for="checkbox"
                >
                  Checkbox:
                </label>
                
    
                <input
                  id="checkbox"
                  name="checkbox"
                  type="checkbox"
                />
                
    
              </div>
              

    
              <div>
                
      
                <input
                  type="submit"
                  value="Submit"
                />
                
    
              </div>
              
  
            </form>
          </div>
        </div>
      </div>
    </div>
  </div>
</div>
`;
