// Jest Snapshot v1, https://goo.gl/fbAQLP

exports[`<SectionBackground /> Should render 1`] = `
.c0 {
  background-color: #FFFFFF;
  color: black;
  background-color: black;
  color: #FFFFFF;
  min-height: 100vh;
  display: flex;
  align-items: center;
}

.c1 {
  max-width: 120rem;
  margin: 0 auto;
  padding: 3.2rem;
}

<div>
  <div
    class="c0"
  >
    <div
      class="c1"
    >
      <h1>
        Children
      </h1>
    </div>
  </div>
</div>
`;
