// Jest Snapshot v1, https://goo.gl/fbAQLP

exports[`<GridTwoColumn /> Should render two columns grid 1`] = `
.c5 {
  color: black;
  font-size: 6.2rem;
  text-transform: uppercase;
}

.c2 {
  display: grid;
  grid-template-columns: 1fr 2fr;
  align-items: center;
  gap: 3.2rem;
}

.c2 .c4 {
  margin-bottom: 4rem;
}

.c0 {
  background-color: #FFFFFF;
  color: black;
  min-height: 100vh;
  display: flex;
  align-items: center;
}

.c1 {
  max-width: 120rem;
  margin: 0 auto;
  padding: 3.2rem;
}

.c6 {
  font-size: 2.4rem;
}

@media (max-width:768px) {
  .c5 {
    font-size: 4rem;
  }
}

@media (max-width:768px) {
  .c2 {
    grid-template-columns: 1fr;
    text-align: center;
  }
}

@media (max-width:768px) {
  .c3 {
    margin-bottom: 3.2rem;
  }
}

<div>
  <div
    class="c0"
  >
    <div
      class="c1"
    >
      <div
        class="c2"
      >
        <div
          class="c3"
        >
          <h1
            class="c4 c5"
          >
            GridTwoColumns
          </h1>
          <p
            class="c6"
          >
            lorem ipsuma sodkaol Ã§lsdp spdlpdlsd sd lrrem lomr lomrem
          </p>
        </div>
        <div
          class=""
        >
          <div
            alt="GridTwoColumns"
            class=""
            src="assets/images/logo.svg"
          />
        </div>
      </div>
    </div>
  </div>
</div>
`;
